// Jest Snapshot v1, https://goo.gl/fbAQLP

exports[`App renders correctly 1`] = `
Object {
  "asFragment": [Function],
  "baseElement": <body>
    <div>
      <div
        class="funkly-container-background container-fluid"
      >
        <div
          class="row"
        >
          <header
            class="funkly-header"
          >
            <h1>
              FUNKLY
            </h1>
          </header>
        </div>
        <div
          class="funkly-button-row row"
        >
          <button>
            run
          </button>
          <button>
            debug on
          </button>
          <button>
            xml
          </button>
          <button>
            SAVE
          </button>
          <button>
            LOAD
          </button>
          <button>
            xml
          </button>
          <input
            id="importedCode"
            name="importedCode"
            type="file"
          />
        </div>
        <div
          class="funkly-content-row row"
        >
          <div
            class="col-lg-7"
          />
          <div
            class="col-lg-4"
          >
            <div
              class="funkly-game-div row"
            />
            <div
              class="funkly-char-selection row"
            />
          </div>
        </div>
        <div
          class="funkly-debug row"
        />
      </div>
    </div>
  </body>,
  "container": <div>
    <div
      class="funkly-container-background container-fluid"
    >
      <div
        class="row"
      >
        <header
          class="funkly-header"
        >
          <h1>
            FUNKLY
          </h1>
        </header>
      </div>
      <div
        class="funkly-button-row row"
      >
        <button>
          run
        </button>
        <button>
          debug on
        </button>
        <button>
          xml
        </button>
        <button>
          SAVE
        </button>
        <button>
          LOAD
        </button>
        <button>
          xml
        </button>
        <input
          id="importedCode"
          name="importedCode"
          type="file"
        />
      </div>
      <div
        class="funkly-content-row row"
      >
        <div
          class="col-lg-7"
        />
        <div
          class="col-lg-4"
        >
          <div
            class="funkly-game-div row"
          />
          <div
            class="funkly-char-selection row"
          />
        </div>
      </div>
      <div
        class="funkly-debug row"
      />
    </div>
  </div>,
  "debug": [Function],
  "findAllByAltText": [Function],
  "findAllByDisplayValue": [Function],
  "findAllByLabelText": [Function],
  "findAllByPlaceholderText": [Function],
  "findAllByRole": [Function],
  "findAllByTestId": [Function],
  "findAllByText": [Function],
  "findAllByTitle": [Function],
  "findByAltText": [Function],
  "findByDisplayValue": [Function],
  "findByLabelText": [Function],
  "findByPlaceholderText": [Function],
  "findByRole": [Function],
  "findByTestId": [Function],
  "findByText": [Function],
  "findByTitle": [Function],
  "getAllByAltText": [Function],
  "getAllByDisplayValue": [Function],
  "getAllByLabelText": [Function],
  "getAllByPlaceholderText": [Function],
  "getAllByRole": [Function],
  "getAllByTestId": [Function],
  "getAllByText": [Function],
  "getAllByTitle": [Function],
  "getByAltText": [Function],
  "getByDisplayValue": [Function],
  "getByLabelText": [Function],
  "getByPlaceholderText": [Function],
  "getByRole": [Function],
  "getByTestId": [Function],
  "getByText": [Function],
  "getByTitle": [Function],
  "queryAllByAltText": [Function],
  "queryAllByDisplayValue": [Function],
  "queryAllByLabelText": [Function],
  "queryAllByPlaceholderText": [Function],
  "queryAllByRole": [Function],
  "queryAllByTestId": [Function],
  "queryAllByText": [Function],
  "queryAllByTitle": [Function],
  "queryByAltText": [Function],
  "queryByDisplayValue": [Function],
  "queryByLabelText": [Function],
  "queryByPlaceholderText": [Function],
  "queryByRole": [Function],
  "queryByTestId": [Function],
  "queryByText": [Function],
  "queryByTitle": [Function],
  "rerender": [Function],
  "unmount": [Function],
}
`;
