// Jest Snapshot v1, https://goo.gl/fbAQLP

exports[`App renders correctly 1`] = `
Object {
  "asFragment": [Function],
  "baseElement": <body>
    <div>
      <div
        class="funkly-container"
      >
        <img
          class="funkly-title"
          src="logo.png"
        />
        <div
          class="funkly-buttons"
        >
          <button>
            <img
              alt="play"
              class="funkly-button-icon"
              src="playbutton.png"
            />
             
          </button>
          <button>
            <img
              alt="degub on"
              class="funkly-button-icon"
              src="debugon.png"
            />
          </button>
          <button>
            <img
              alt="load"
              class="funkly-button-icon"
              src="loadbutton.png"
            />
          </button>
          <button>
            <img
              alt="xml"
              class="funkly-button-icon"
              src="xmlbutton.png"
            />
          </button>
          <input
            class="hidden"
            id="importedCode"
            name="importedCode"
            type="file"
          />
          <label
            class="funkly-file-load"
            for="importedCode"
          >
            <img
              alt="chooseFile"
              class="funkly-button-icon"
              src="choosefile.png"
            />
          </label>
        </div>
        <div
          class="funkly-blockly-editor"
        />
        <div
          class="funkly-engine"
        >
          <div>
            <div
              class="funkly-mouse-location"
            >
              <img
                alt="mouseicon"
                class="funkly-mouse-icon"
                src="mouseicon.png"
              />
              0
              , 
              0
            </div>
          </div>
        </div>
        <div
          class="funkly-char-selection"
        >
          <div
            style="display: grid; grid-template-columns: auto auto auto; justify-items: center;"
          >
            <img
              alt="add character"
              class="funkly-new-character-button"
              src="plusbuttongrey.png"
            />
          </div>
        </div>
        <div
          class="funkly-debug"
        >
          <div />
        </div>
      </div>
    </div>
  </body>,
  "container": <div>
    <div
      class="funkly-container"
    >
      <img
        class="funkly-title"
        src="logo.png"
      />
      <div
        class="funkly-buttons"
      >
        <button>
          <img
            alt="play"
            class="funkly-button-icon"
            src="playbutton.png"
          />
           
        </button>
        <button>
          <img
            alt="degub on"
            class="funkly-button-icon"
            src="debugon.png"
          />
        </button>
        <button>
          <img
            alt="load"
            class="funkly-button-icon"
            src="loadbutton.png"
          />
        </button>
        <button>
          <img
            alt="xml"
            class="funkly-button-icon"
            src="xmlbutton.png"
          />
        </button>
        <input
          class="hidden"
          id="importedCode"
          name="importedCode"
          type="file"
        />
        <label
          class="funkly-file-load"
          for="importedCode"
        >
          <img
            alt="chooseFile"
            class="funkly-button-icon"
            src="choosefile.png"
          />
        </label>
      </div>
      <div
        class="funkly-blockly-editor"
      />
      <div
        class="funkly-engine"
      >
        <div>
          <div
            class="funkly-mouse-location"
          >
            <img
              alt="mouseicon"
              class="funkly-mouse-icon"
              src="mouseicon.png"
            />
            0
            , 
            0
          </div>
        </div>
      </div>
      <div
        class="funkly-char-selection"
      >
        <div
          style="display: grid; grid-template-columns: auto auto auto; justify-items: center;"
        >
          <img
            alt="add character"
            class="funkly-new-character-button"
            src="plusbuttongrey.png"
          />
        </div>
      </div>
      <div
        class="funkly-debug"
      >
        <div />
      </div>
    </div>
  </div>,
  "debug": [Function],
  "findAllByAltText": [Function],
  "findAllByDisplayValue": [Function],
  "findAllByLabelText": [Function],
  "findAllByPlaceholderText": [Function],
  "findAllByRole": [Function],
  "findAllByTestId": [Function],
  "findAllByText": [Function],
  "findAllByTitle": [Function],
  "findByAltText": [Function],
  "findByDisplayValue": [Function],
  "findByLabelText": [Function],
  "findByPlaceholderText": [Function],
  "findByRole": [Function],
  "findByTestId": [Function],
  "findByText": [Function],
  "findByTitle": [Function],
  "getAllByAltText": [Function],
  "getAllByDisplayValue": [Function],
  "getAllByLabelText": [Function],
  "getAllByPlaceholderText": [Function],
  "getAllByRole": [Function],
  "getAllByTestId": [Function],
  "getAllByText": [Function],
  "getAllByTitle": [Function],
  "getByAltText": [Function],
  "getByDisplayValue": [Function],
  "getByLabelText": [Function],
  "getByPlaceholderText": [Function],
  "getByRole": [Function],
  "getByTestId": [Function],
  "getByText": [Function],
  "getByTitle": [Function],
  "queryAllByAltText": [Function],
  "queryAllByDisplayValue": [Function],
  "queryAllByLabelText": [Function],
  "queryAllByPlaceholderText": [Function],
  "queryAllByRole": [Function],
  "queryAllByTestId": [Function],
  "queryAllByText": [Function],
  "queryAllByTitle": [Function],
  "queryByAltText": [Function],
  "queryByDisplayValue": [Function],
  "queryByLabelText": [Function],
  "queryByPlaceholderText": [Function],
  "queryByRole": [Function],
  "queryByTestId": [Function],
  "queryByText": [Function],
  "queryByTitle": [Function],
  "rerender": [Function],
  "unmount": [Function],
}
`;
